core_cm4.h:1467:22:NVIC_EnableIRQ	16	static
main.c:223:6:GPIO_config	4	static
main.c:343:6:UART_config	24	static
main.c:368:6:UART_transmit	16	static
main.c:379:6:clock_config	4	static
main.c:410:6:SPI_config	8	static
main.c:439:6:SPI_transmit	24	static
main.c:458:6:SPI_transmit_DMA	16	static
main.c:466:6:DMA2_Stream4_IRQHandler	4	static
main.c:475:6:SPI5_IRQHandler	4	static
main.c:483:6:LCD_Reset	16	static
main.c:491:6:LCD_Write_Cmd	16	static
main.c:506:6:LCD_Write_Data	16	static
main.c:519:6:I2C_config	4	static
main.c:543:6:I2C_WriteByte	24	static
main.c:564:6:I2C_WriteMultiByte	24	static
main.c:589:6:I2C_ReadByte	24	static
main.c:621:6:I2C_ReadMultiByte	24	static
main.c:665:6:LCD_init	24	static
main.c:721:6:LCD_SetAddrWindow	24	static
main.c:737:6:ILI9341_setRotation	16	static
main.c:778:13:ConvHL	24	static
main.c:790:6:LCD_DrawPixel	16	static
main.c:798:6:LCD_DrawBitmap	24	static
main.c:811:6:Draw_Char	32	static
main.c:841:6:TouchPanel_init	32	static
main.c:908:15:IsTouch	16	static
main.c:933:10:Read_X	24	static
main.c:958:10:Read_Y	24	static
main.c:978:6:gettouchvalue	56	static
main.c:1001:10:getID	16	static
main.c:1011:5:main	16	static
